{
  "address": "0x10001000",
  "completeness": {
    "error": "No function at address: 0x10001000"
  },
  "errors": [
    "rename: {\"error\":\"No function found for 0x10001000\"}"
  ],
  "steps": {
    "rename": {
      "error": "{\"error\":\"No function found for 0x10001000\"}",
      "success": false
    }
  }
}