{
  "builtin_types": [
    "void",
    "byte",
    "char",
    "short",
    "int",
    "long",
    "longlong",
    "float",
    "double",
    "pointer",
    "bool",
    "undefined",
    "undefined1",
    "undefined2",
    "undefined4",
    "undefined8",
    "uchar",
    "ushort",
    "uint",
    "ulong",
    "ulonglong",
    "sbyte",
    "sword",
    "sdword",
    "sqword",
    "word",
    "dword",
    "qword"
  ],
  "windows_types": [
    "BOOL",
    "BOOLEAN",
    "BYTE",
    "CHAR",
    "DWORD",
    "QWORD",
    "WORD",
    "HANDLE",
    "HMODULE",
    "HWND",
    "LPVOID",
    "PVOID",
    "LPCSTR",
    "LPSTR",
    "LPCWSTR",
    "LPWSTR",
    "SIZE_T",
    "ULONG",
    "USHORT"
  ]
}