{
  "count": 4,
  "jump_targets": [
    {
      "address": "1000101d",
      "in_function": "calc_crc16"
    },
    {
      "address": "10001020",
      "in_function": "calc_crc16"
    },
    {
      "address": "1000110e",
      "in_function": "calc_crc16"
    },
    {
      "address": "1000110f",
      "in_function": "calc_crc16"
    }
  ],
  "limit": 5,
  "offset": 0,
  "total": 4
}