{
  "count": 4,
  "limit": 5,
  "offset": 0,
  "references": [
    {
      "from_address": "10000134",
      "type": "DATA"
    },
    {
      "from_address": "1000020c",
      "type": "DATA"
    },
    {
      "from_address": "100139ac",
      "type": "DATA"
    },
    {
      "from_address": "Entry Point",
      "type": "EXTERNAL"
    }
  ],
  "total": 4
}