{
  "count": 5,
  "data_items": [
    {
      "address": "10000000",
      "block": "Headers",
      "label": "IMAGE_DOS_HEADER_10000000",
      "size": 128,
      "type": "IMAGE_DOS_HEADER"
    },
    {
      "address": "10000080",
      "block": "Headers",
      "label": "DAT_10000080",
      "size": 112,
      "type": "IMAGE_RICH_HEADER"
    },
    {
      "address": "10000108",
      "block": "Headers",
      "label": "IMAGE_NT_HEADERS32_10000108",
      "size": 248,
      "type": "IMAGE_NT_HEADERS32"
    },
    {
      "address": "10000200",
      "block": "Headers",
      "label": "DAT_10000200",
      "size": 40,
      "type": "IMAGE_SECTION_HEADER"
    },
    {
      "address": "10000228",
      "block": "Headers",
      "label": "DAT_10000228",
      "size": 40,
      "type": "IMAGE_SECTION_HEADER"
    }
  ],
  "limit": 5,
  "offset": 0,
  "total": 2958
}