{
  "count": 464,
  "functions": [
    {
      "address": "10001000",
      "name": "calc_crc16"
    },
    {
      "address": "10001120",
      "name": "FUN_10001120"
    },
    {
      "address": "10001130",
      "name": "compute_gcd"
    },
    {
      "address": "10001150",
      "name": "get_stat_list_flags"
    },
    {
      "address": "10001170",
      "name": "get_stat_list_layer"
    },
    {
      "address": "10001180",
      "name": "get_stat_list_owner_guid"
    },
    {
      "address": "100011a0",
      "name": "get_stat_list_prev_link"
    },
    {
      "address": "100011c0",
      "name": "stat_list_add"
    },
    {
      "address": "10001210",
      "name": "advance_parser_state"
    },
    {
      "address": "100012a0",
      "name": "compute_str_len"
    },
    {
      "address": "100012bb",
      "name": "dllmain_crt_dispatch"
    },
    {
      "address": "1000130e",
      "name": "FUN_1000130e"
    },
    {
      "address": "100013f4",
      "name": "FUN_100013f4"
    },
    {
      "address": "10001418",
      "name": "FUN_10001418"
    },
    {
      "address": "100014b4",
      "name": "FUN_100014b4"
    },
    {
      "address": "100014c1",
      "name": "FUN_100014c1"
    },
    {
      "address": "100014cf",
      "name": "FUN_100014cf"
    },
    {
      "address": "100015dd",
      "name": "dllmain_raw"
    },
    {
      "address": "10001608",
      "name": "entry"
    },
    {
      "address": "1000162b",
      "name": "FUN_1000162b"
    },
    {
      "address": "10001678",
      "name": "___security_init_cookie"
    },
    {
      "address": "100016c3",
      "name": "FUN_100016c3"
    },
    {
      "address": "100016cf",
      "name": "__scrt_uninitialize_type_info"
    },
    {
      "address": "100016db",
      "name": "FUN_100016db"
    },
    {
      "address": "100016e1",
      "name": "FUN_100016e1"
    },
    {
      "address": "100016e7",
      "name": "FUN_100016e7"
    },
    {
      "address": "10001704",
      "name": "FUN_10001704"
    },
    {
      "address": "10001746",
      "name": "___scrt_acquire_startup_lock"
    },
    {
      "address": "10001778",
      "name": "___scrt_dllmain_after_initialize_c"
    },
    {
      "address": "100017a3",
      "name": "FUN_100017a3"
    },
    {
      "address": "100017b1",
      "name": "___scrt_dllmain_crt_thread_attach"
    },
    {
      "address": "100017d0",
      "name": "___scrt_dllmain_crt_thread_detach"
    },
    {
      "address": "100017dd",
      "name": "___scrt_dllmain_exception_filter"
    },
    {
      "address": "10001811",
      "name": "FUN_10001811"
    },
    {
      "address": "10001834",
      "name": "FUN_10001834"
    },
    {
      "address": "10001841",
      "name": "___scrt_initialize_crt"
    },
    {
      "address": "1000187a",
      "name": "FUN_1000187a"
    },
    {
      "address": "10001901",
      "name": "FUN_10001901"
    },
    {
      "address": "10001998",
      "name": "___scrt_release_startup_lock"
    },
    {
      "address": "100019b5",
      "name": "___scrt_uninitialize_crt"
    },
    {
      "address": "100019dd",
      "name": "FUN_100019dd"
    },
    {
      "address": "100019e3",
      "name": "FUN_100019e3"
    },
    {
      "address": "10001af8",
      "name": "FUN_10001af8"
    },
    {
      "address": "10001b03",
      "name": "FUN_10001b03"
    },
    {
      "address": "10001b2f",
      "name": "FUN_10001b2f"
    },
    {
      "address": "10001b60",
      "name": "__SEH_prolog4"
    },
    {
      "address": "10001ba5",
      "name": "guard_check_icall"
    },
    {
      "address": "10001ba8",
      "name": "FUN_10001ba8"
    },
    {
      "address": "10001ec2",
      "name": "FUN_10001ec2"
    },
    {
      "address": "10001ec6",
      "name": "___scrt_is_ucrt_dll_in_use"
    },
    {
      "address": "10001ed2",
      "name": "__security_check_cookie"
    },
    {
      "address": "10001ee0",
      "name": "FUN_10001ee0"
    },
    {
      "address": "10001f08",
      "name": "FUN_10001f08"
    },
    {
      "address": "10002010",
      "name": "_ValidateLocalCookies"
    },
    {
      "address": "10002050",
      "name": "__except_handler4"
    },
    {
      "address": "100021ae",
      "name": "___std_type_info_compare"
    },
    {
      "address": "100021ea",
      "name": "___std_type_info_destroy_list"
    },
    {
      "address": "1000220d",
      "name": "___vcrt_initialize"
    },
    {
      "address": "1000222c",
      "name": "___vcrt_thread_attach"
    },
    {
      "address": "10002237",
      "name": "FUN_10002237"
    },
    {
      "address": "1000223f",
      "name": "___vcrt_uninitialize"
    },
    {
      "address": "10002256",
      "name": "FUN_10002256"
    },
    {
      "address": "1000225e",
      "name": "FUN_1000225e"
    },
    {
      "address": "10002306",
      "name": "FUN_10002306"
    },
    {
      "address": "10002313",
      "name": "FUN_10002313"
    },
    {
      "address": "1000236b",
      "name": "__IsExceptionObjectToBeDestroyed"
    },
    {
      "address": "10002391",
      "name": "___AdjustPointer"
    },
    {
      "address": "100023b6",
      "name": "FUN_100023b6"
    },
    {
      "address": "1000240c",
      "name": "Unwind@1000240c"
    },
    {
      "address": "10002420",
      "name": "_memset"
    },
    {
      "address": "10002580",
      "name": "FUN_10002580"
    },
    {
      "address": "10002670",
      "name": "_EH4_CallFilterFunc"
    },
    {
      "address": "10002690",
      "name": "_EH4_TransferToHandler"
    },
    {
      "address": "100026b0",
      "name": "_EH4_GlobalUnwind2"
    },
    {
      "address": "100026d0",
      "name": "_EH4_LocalUnwind"
    },
    {
      "address": "100026e7",
      "name": "FUN_100026e7"
    },
    {
      "address": "10002717",
      "name": "FUN_10002717"
    },
    {
      "address": "10002733",
      "name": "FUN_10002733"
    },
    {
      "address": "1000275e",
      "name": "___vcrt_getptd"
    },
    {
      "address": "1000276c",
      "name": "___vcrt_getptd_noexit"
    },
    {
      "address": "100027fe",
      "name": "___vcrt_initialize_ptd"
    },
    {
      "address": "10002831",
      "name": "FUN_10002831"
    },
    {
      "address": "1000284f",
      "name": "___vcrt_initialize_locks"
    },
    {
      "address": "1000288b",
      "name": "___vcrt_uninitialize_locks"
    },
    {
      "address": "100028c0",
      "name": "FUN_100028c0"
    },
    {
      "address": "100028d0",
      "name": "__NLG_Notify"
    },
    {
      "address": "100028f0",
      "name": "FUN_100028f0"
    },
    {
      "address": "100028f3",
      "name": "FUN_100028f3"
    },
    {
      "address": "10002962",
      "name": "FUN_10002962"
    },
    {
      "address": "100029c2",
      "name": "FUN_100029c2"
    },
    {
      "address": "10002ac1",
      "name": "_JumpToContinuation"
    },
    {
      "address": "10002af1",
      "name": "_UnwindNestedFrames"
    },
    {
      "address": "10002b45",
      "name": "FUN_10002b45"
    },
    {
      "address": "10002b76",
      "name": "__CreateFrameInfo"
    },
    {
      "address": "10002b9a",
      "name": "FUN_10002b9a"
    },
    {
      "address": "10002be2",
      "name": "FID_conflict:TranslatorGuardHandler"
    },
    {
      "address": "10002c81",
      "name": "FID_conflict:___CxxFrameHandler3"
    },
    {
      "address": "10002cc0",
      "name": "FUN_10002cc0"
    },
    {
      "address": "10003234",
      "name": "FUN_10003234"
    },
    {
      "address": "100032d4",
      "name": "try_load_library_from_system_directory"
    },
    {
      "address": "1000331f",
      "name": "___vcrt_FlsAlloc"
    },
    {
      "address": "1000335a",
      "name": "___vcrt_FlsFree"
    },
    {
      "address": "10003395",
      "name": "___vcrt_FlsGetValue"
    },
    {
      "address": "100033d0",
      "name": "___vcrt_FlsSetValue"
    },
    {
      "address": "1000340e",
      "name": "___vcrt_InitializeCriticalSectionEx"
    },
    {
      "address": "10003455",
      "name": "FUN_10003455"
    },
    {
      "address": "10003593",
      "name": "FUN_10003593"
    },
    {
      "address": "1000362f",
      "name": "FUN_1000362f"
    },
    {
      "address": "100036b0",
      "name": "FUN_100036b0"
    },
    {
      "address": "10003a53",
      "name": "FUN_10003a53"
    },
    {
      "address": "10003b89",
      "name": "FID_conflict:___TypeMatch"
    },
    {
      "address": "10003c17",
      "name": "__InternalCxxFrameHandler<__FrameHandler3>"
    },
    {
      "address": "10003d19",
      "name": "FUN_10003d19"
    },
    {
      "address": "10003d22",
      "name": "FUN_10003d22"
    },
    {
      "address": "10003d3d",
      "name": "FUN_10003d3d"
    },
    {
      "address": "10003d5b",
      "name": "FUN_10003d5b"
    },
    {
      "address": "10003d9e",
      "name": "operator=="
    },
    {
      "address": "10003dbd",
      "name": "FUN_10003dbd"
    },
    {
      "address": "10003dea",
      "name": "FUN_10003dea"
    },
    {
      "address": "10003f3e",
      "name": "FUN_10003f3e"
    },
    {
      "address": "10003fb9",
      "name": "FUN_10003fb9"
    },
    {
      "address": "10003fdc",
      "name": "Catch_All@10003fdc"
    },
    {
      "address": "10003ffb",
      "name": "ExFilterRethrow"
    },
    {
      "address": "10004045",
      "name": "FrameUnwindToEmptyState"
    },
    {
      "address": "1000405d",
      "name": "FUN_1000405d"
    },
    {
      "address": "10004131",
      "name": "FUN_10004131"
    },
    {
      "address": "1000414b",
      "name": "FUN_1000414b"
    },
    {
      "address": "100041e5",
      "name": "FUN_100041e5"
    },
    {
      "address": "100041f5",
      "name": "FUN_100041f5"
    },
    {
      "address": "10004208",
      "name": "FUN_10004208"
    },
    {
      "address": "10004213",
      "name": "FUN_10004213"
    },
    {
      "address": "10004230",
      "name": "__CallSettingFrame@12"
    },
    {
      "address": "1000427c",
      "name": "FUN_1000427c"
    },
    {
      "address": "10004299",
      "name": "GetCurrentState"
    },
    {
      "address": "100042b6",
      "name": "FUN_100042b6"
    },
    {
      "address": "100042c4",
      "name": "___std_exception_copy"
    },
    {
      "address": "10004327",
      "name": "FUN_10004327"
    },
    {
      "address": "10004349",
      "name": "FUN_10004349"
    },
    {
      "address": "100043c0",
      "name": "FUN_100043c0"
    },
    {
      "address": "100043eb",
      "name": "__initterm_e"
    },
    {
      "address": "10004419",
      "name": "__seh_filter_dll"
    },
    {
      "address": "10004439",
      "name": "FUN_10004439"
    },
    {
      "address": "1000457f",
      "name": "operator()<>"
    },
    {
      "address": "100045c0",
      "name": "FUN_100045c0"
    },
    {
      "address": "100045cc",
      "name": "FUN_100045cc"
    },
    {
      "address": "100045e7",
      "name": "FUN_100045e7"
    },
    {
      "address": "100046cf",
      "name": "FUN_100046cf"
    },
    {
      "address": "1000478d",
      "name": "FUN_1000478d"
    },
    {
      "address": "100047bb",
      "name": "FUN_100047bb"
    },
    {
      "address": "100047fd",
      "name": "FUN_100047fd"
    },
    {
      "address": "1000487f",
      "name": "FUN_1000487f"
    },
    {
      "address": "1000489d",
      "name": "__exit"
    },
    {
      "address": "100048b3",
      "name": "FUN_100048b3"
    },
    {
      "address": "100048ba",
      "name": "FUN_100048ba"
    },
    {
      "address": "100049f7",
      "name": "FUN_100049f7"
    },
    {
      "address": "10004b69",
      "name": "___acrt_allocate_buffer_for_argv"
    },
    {
      "address": "10004bb8",
      "name": "FUN_10004bb8"
    },
    {
      "address": "10004bc3",
      "name": "FUN_10004bc3"
    },
    {
      "address": "10004c1d",
      "name": "FUN_10004c1d"
    },
    {
      "address": "10004d02",
      "name": "free_environment<>"
    },
    {
      "address": "10004d31",
      "name": "uninitialize_environment_internal<>"
    },
    {
      "address": "10004d4c",
      "name": "uninitialize_environment_internal<>"
    },
    {
      "address": "10004d67",
      "name": "FUN_10004d67"
    },
    {
      "address": "10004db8",
      "name": "thunk_FUN_10004bc3"
    },
    {
      "address": "10004dbd",
      "name": "operator()<<lambda_69a2805e680e0e292e8ba93315fe43a8>,<lambda_f03950bc5685219e0bcd2087efbe011e>&,<lambda_03fcd07e894ec930e3f35da366ca99d6>_>"
    },
    {
      "address": "10004e0c",
      "name": "FUN_10004e0c"
    },
    {
      "address": "10004e18",
      "name": "operator()"
    },
    {
      "address": "10004ef2",
      "name": "FUN_10004ef2"
    },
    {
      "address": "10004f30",
      "name": "__initialize_onexit_table"
    },
    {
      "address": "10004fc2",
      "name": "uninitialize_allocated_memory"
    },
    {
      "address": "10005029",
      "name": "operator()"
    },
    {
      "address": "10005057",
      "name": "___acrt_initialize"
    },
    {
      "address": "10005069",
      "name": "FUN_10005069"
    },
    {
      "address": "10005074",
      "name": "FUN_10005074"
    },
    {
      "address": "1000507c",
      "name": "___acrt_uninitialize"
    },
    {
      "address": "100050ac",
      "name": "___acrt_uninitialize_critical"
    },
    {
      "address": "100050be",
      "name": "FUN_100050be"
    },
    {
      "address": "10005100",
      "name": "thunk_FUN_10005f40"
    },
    {
      "address": "10005110",
      "name": "FUN_10005110"
    },
    {
      "address": "10005120",
      "name": "FUN_10005120"
    },
    {
      "address": "100051af",
      "name": "_abort"
    },
    {
      "address": "10005200",
      "name": "FUN_10005200"
    },
    {
      "address": "10005260",
      "name": "FUN_10005260"
    },
    {
      "address": "100052a0",
      "name": "FUN_100052a0"
    },
    {
      "address": "100052f0",
      "name": "FUN_100052f0"
    },
    {
      "address": "10005350",
      "name": "FUN_10005350"
    },
    {
      "address": "10005430",
      "name": "FUN_10005430"
    },
    {
      "address": "1000543c",
      "name": "guard_check_icall"
    },
    {
      "address": "10005450",
      "name": "FUN_10005450"
    },
    {
      "address": "10005493",
      "name": "operator()<<lambda_15ade71b0218206bbe3333a0c9b79046>,<lambda_da44e0f8b0f19ba52fefafb335991732>&,<lambda_207f2d024fc103971653565357d6cd41>_>"
    },
    {
      "address": "100054d9",
      "name": "FUN_100054d9"
    },
    {
      "address": "100054e5",
      "name": "operator()<<lambda_38edbb1296d33220d7e4dd0ed76b244a>,<lambda_5ce1d447e08cb34b2473517608e21441>&,<lambda_fb385d3da700c9147fc39e65dd577a8c>_>"
    },
    {
      "address": "10005544",
      "name": "FUN_10005544"
    },
    {
      "address": "10005550",
      "name": "operator()<<lambda_6affb1475c98b40b75cdec977db92e3c>,<lambda_b8d4b9c228a6ecc3f80208dbb4b4a104>&,<lambda_608742c3c92a14382c1684fc64f96c88>_>"
    },
    {
      "address": "10005599",
      "name": "FUN_10005599"
    },
    {
      "address": "100055a5",
      "name": "operator()<<lambda_a7e850c220f1c8d1e6efeecdedd162c6>,<lambda_46720907175c18b6c9d2717bc0d2d362>&,<lambda_9048902d66e8d99359bc9897bbb930a8>_>"
    },
    {
      "address": "100055f3",
      "name": "FUN_100055f3"
    },
    {
      "address": "100055ff",
      "name": "construct_ptd"
    },
    {
      "address": "10005698",
      "name": "destroy_fls"
    },
    {
      "address": "100056b9",
      "name": "destroy_ptd"
    },
    {
      "address": "10005786",
      "name": "FUN_10005786"
    },
    {
      "address": "1000582e",
      "name": "replace_current_thread_locale_nolock"
    },
    {
      "address": "10005879",
      "name": "FUN_10005879"
    },
    {
      "address": "100058bd",
      "name": "FUN_100058bd"
    },
    {
      "address": "100058cb",
      "name": "FUN_100058cb"
    },
    {
      "address": "1000590e",
      "name": "FUN_1000590e"
    },
    {
      "address": "1000599a",
      "name": "FUN_1000599a"
    },
    {
      "address": "10005a19",
      "name": "___acrt_uninitialize_ptd"
    },
    {
      "address": "10005a74",
      "name": "___acrt_lock"
    },
    {
      "address": "10005a8b",
      "name": "FUN_10005a8b"
    },
    {
      "address": "10005abc",
      "name": "___acrt_unlock"
    },
    {
      "address": "10005ad3",
      "name": "FUN_10005ad3"
    },
    {
      "address": "10005ae5",
      "name": "FUN_10005ae5"
    },
    {
      "address": "10005af8",
      "name": "FUN_10005af8"
    },
    {
      "address": "10005b1f",
      "name": "FUN_10005b1f"
    },
    {
      "address": "10005b48",
      "name": "___acrt_call_reportfault"
    },
    {
      "address": "10005c81",
      "name": "FUN_10005c81"
    },
    {
      "address": "10005c90",
      "name": "FUN_10005c90"
    },
    {
      "address": "10005cc7",
      "name": "FUN_10005cc7"
    },
    {
      "address": "10005d44",
      "name": "FUN_10005d44"
    },
    {
      "address": "10005d54",
      "name": "__invoke_watson"
    },
    {
      "address": "10005d88",
      "name": "FUN_10005d88"
    },
    {
      "address": "10005e07",
      "name": "FUN_10005e07"
    },
    {
      "address": "10005e66",
      "name": "___acrt_errno_map_os_error"
    },
    {
      "address": "10005e89",
      "name": "FUN_10005e89"
    },
    {
      "address": "10005ead",
      "name": "FUN_10005ead"
    },
    {
      "address": "10005ec2",
      "name": "FUN_10005ec2"
    },
    {
      "address": "10005ee0",
      "name": "FUN_10005ee0"
    },
    {
      "address": "10005f40",
      "name": "FUN_10005f40"
    },
    {
      "address": "10005f86",
      "name": "FUN_10005f86"
    },
    {
      "address": "10005f9e",
      "name": "__acrt_convert_wcs_mbs_cp<char,wchar_t,<lambda_62f6974d9771e494a5ea317cc32e971c>,__crt_win32_buffer_internal_dynamic_resizing>"
    },
    {
      "address": "10006050",
      "name": "FUN_10006050"
    },
    {
      "address": "10006116",
      "name": "__acrt_mbs_to_wcs_cp<__crt_win32_buffer_internal_dynamic_resizing>"
    },
    {
      "address": "10006133",
      "name": "FUN_10006133"
    },
    {
      "address": "100062b0",
      "name": "FUN_100062b0"
    },
    {
      "address": "10006361",
      "name": "FUN_10006361"
    },
    {
      "address": "100065ed",
      "name": "FUN_100065ed"
    },
    {
      "address": "1000666f",
      "name": "~argument_list<>"
    },
    {
      "address": "10006694",
      "name": "FUN_10006694"
    },
    {
      "address": "100066b8",
      "name": "__acrt_get_utf8_acp_compatibility_codepage"
    },
    {
      "address": "100066f7",
      "name": "_deallocate"
    },
    {
      "address": "10006711",
      "name": "allocate"
    },
    {
      "address": "1000674d",
      "name": "allocate"
    },
    {
      "address": "1000678c",
      "name": "FUN_1000678c"
    },
    {
      "address": "100067ad",
      "name": "expand_if_necessary"
    },
    {
      "address": "10006834",
      "name": "FUN_10006834"
    },
    {
      "address": "1000683f",
      "name": "FUN_1000683f"
    },
    {
      "address": "10006901",
      "name": "allocate"
    },
    {
      "address": "10006928",
      "name": "FUN_10006928"
    },
    {
      "address": "1000693c",
      "name": "___acrt_GetModuleFileNameA"
    },
    {
      "address": "100069dd",
      "name": "operator()<<lambda_ceb1ee4838e85a9d631eb091e2fbe199>,<lambda_ae742caa10f662c28703da3d2ea5e57e>&,<lambda_cd08b5d6af4937fe54fc07d0c9bf6b37>_>"
    },
    {
      "address": "10006a1e",
      "name": "FUN_10006a1e"
    },
    {
      "address": "10006a2a",
      "name": "operator()"
    },
    {
      "address": "10006aad",
      "name": "CPtoLocaleName"
    },
    {
      "address": "10006aeb",
      "name": "getSystemCP"
    },
    {
      "address": "10006b5c",
      "name": "FUN_10006b5c"
    },
    {
      "address": "10006bbf",
      "name": "FUN_10006bbf"
    },
    {
      "address": "10006d64",
      "name": "FUN_10006d64"
    },
    {
      "address": "10006eb9",
      "name": "FUN_10006eb9"
    },
    {
      "address": "10006f38",
      "name": "FUN_10006f38"
    },
    {
      "address": "10006f41",
      "name": "FUN_10006f41"
    },
    {
      "address": "10006f59",
      "name": "___acrt_initialize_multibyte"
    },
    {
      "address": "10006fa1",
      "name": "FUN_10006fa1"
    },
    {
      "address": "10006fb4",
      "name": "FUN_10006fb4"
    },
    {
      "address": "100071b9",
      "name": "_memcpy_s"
    },
    {
      "address": "1000723a",
      "name": "FUN_1000723a"
    },
    {
      "address": "1000728a",
      "name": "FUN_1000728a"
    },
    {
      "address": "100072bb",
      "name": "FUN_100072bb"
    },
    {
      "address": "10007353",
      "name": "FUN_10007353"
    },
    {
      "address": "1000737d",
      "name": "FUN_1000737d"
    },
    {
      "address": "1000740d",
      "name": "FUN_1000740d"
    },
    {
      "address": "10007477",
      "name": "find_end_of_double_null_terminated_sequence"
    },
    {
      "address": "100074ae",
      "name": "FUN_100074ae"
    },
    {
      "address": "10007550",
      "name": "__recalloc_base"
    },
    {
      "address": "100075d0",
      "name": "FUN_100075d0"
    },
    {
      "address": "100075db",
      "name": "FUN_100075db"
    },
    {
      "address": "10007605",
      "name": "FUN_10007605"
    },
    {
      "address": "10007630",
      "name": "FUN_10007630"
    },
    {
      "address": "1000765b",
      "name": "FUN_1000765b"
    },
    {
      "address": "10007728",
      "name": "try_load_library_from_system_directory"
    },
    {
      "address": "1000778b",
      "name": "FUN_1000778b"
    },
    {
      "address": "100077da",
      "name": "___acrt_AreFileApisANSI@0"
    },
    {
      "address": "100077f9",
      "name": "FUN_100077f9"
    },
    {
      "address": "10007805",
      "name": "FUN_10007805"
    },
    {
      "address": "10007811",
      "name": "FUN_10007811"
    },
    {
      "address": "1000781e",
      "name": "FUN_1000781e"
    },
    {
      "address": "1000782a",
      "name": "FUN_1000782a"
    },
    {
      "address": "10007836",
      "name": "FUN_10007836"
    },
    {
      "address": "10007842",
      "name": "FID_conflict:___acrt_CompareStringEx@36"
    },
    {
      "address": "1000789f",
      "name": "___acrt_LocaleNameToLCID@8"
    },
    {
      "address": "100078d0",
      "name": "FUN_100078d0"
    },
    {
      "address": "100078f3",
      "name": "FUN_100078f3"
    },
    {
      "address": "10007924",
      "name": "___acrt_uninitialize_winapi_thunks"
    },
    {
      "address": "100079a6",
      "name": "FUN_100079a6"
    },
    {
      "address": "10007a56",
      "name": "FUN_10007a56"
    },
    {
      "address": "10007b5d",
      "name": "FUN_10007b5d"
    },
    {
      "address": "10007b92",
      "name": "___acrt_execute_initializers"
    },
    {
      "address": "10007bfa",
      "name": "___acrt_execute_uninitializers"
    },
    {
      "address": "10007c30",
      "name": "FUN_10007c30"
    },
    {
      "address": "10007c70",
      "name": "FUN_10007c70"
    },
    {
      "address": "10007c90",
      "name": "FUN_10007c90"
    },
    {
      "address": "10007cde",
      "name": "FUN_10007cde"
    },
    {
      "address": "10007cf0",
      "name": "FUN_10007cf0"
    },
    {
      "address": "10007d4c",
      "name": "FUN_10007d4c"
    },
    {
      "address": "10007d6d",
      "name": "FUN_10007d6d"
    },
    {
      "address": "10007d8c",
      "name": "FUN_10007d8c"
    },
    {
      "address": "10007de8",
      "name": "FUN_10007de8"
    },
    {
      "address": "10007df4",
      "name": "get_global_action_nolock"
    },
    {
      "address": "10007e36",
      "name": "siglookup"
    },
    {
      "address": "10007e5e",
      "name": "___acrt_get_sigabrt_handler"
    },
    {
      "address": "10007e85",
      "name": "FUN_10007e85"
    },
    {
      "address": "10007ea3",
      "name": "FUN_10007ea3"
    },
    {
      "address": "1000802d",
      "name": "FUN_1000802d"
    },
    {
      "address": "100080a0",
      "name": "FUN_100080a0"
    },
    {
      "address": "100080c0",
      "name": "FUN_100080c0"
    },
    {
      "address": "100080d0",
      "name": "FUN_100080d0"
    },
    {
      "address": "10008109",
      "name": "operator()<<lambda_2866be3712abc81a800a822484c830d8>,<lambda_39ca0ed439415581b5b15c265174cece>&,<lambda_2b24c74d71094a6cd0cb82e44167d71b>_>"
    },
    {
      "address": "10008189",
      "name": "FUN_10008189"
    },
    {
      "address": "10008195",
      "name": "operator()<<lambda_2cc53f568c5a2bb6f192f930a45d44ea>,<lambda_ab61a845afdef5b7c387490eaf3616ee>&,<lambda_c2ffc0b7726aa6be21d5f0026187e748>_>"
    },
    {
      "address": "10008235",
      "name": "FUN_10008235"
    },
    {
      "address": "10008241",
      "name": "FUN_10008241"
    },
    {
      "address": "1000828d",
      "name": "FUN_1000828d"
    },
    {
      "address": "100082be",
      "name": "FUN_100082be"
    },
    {
      "address": "100082e1",
      "name": "FUN_100082e1"
    },
    {
      "address": "1000834a",
      "name": "FUN_1000834a"
    },
    {
      "address": "100083af",
      "name": "__flushall"
    },
    {
      "address": "100084cc",
      "name": "__lock_file"
    },
    {
      "address": "100084e0",
      "name": "__unlock_file"
    },
    {
      "address": "10008500",
      "name": "FUN_10008500"
    },
    {
      "address": "10008551",
      "name": "FUN_10008551"
    },
    {
      "address": "1000857e",
      "name": "FUN_1000857e"
    },
    {
      "address": "100085af",
      "name": "FUN_100085af"
    },
    {
      "address": "100085dc",
      "name": "FUN_100085dc"
    },
    {
      "address": "1000860d",
      "name": "FUN_1000860d"
    },
    {
      "address": "1000873d",
      "name": "FUN_1000873d"
    },
    {
      "address": "1000877e",
      "name": "FUN_1000877e"
    },
    {
      "address": "10008937",
      "name": "FUN_10008937"
    },
    {
      "address": "10008963",
      "name": "FUN_10008963"
    },
    {
      "address": "100089a6",
      "name": "FUN_100089a6"
    },
    {
      "address": "10008ab9",
      "name": "__fileno"
    },
    {
      "address": "10008ae0",
      "name": "operator()<<lambda_e5124f882df8998aaf41531e079ba474>,<lambda_3e16ef9562a7dcce91392c22ab16ea36>&,<lambda_e25ca0880e6ef98be67edffd8c599615>_>"
    },
    {
      "address": "10008b42",
      "name": "FUN_10008b42"
    },
    {
      "address": "10008b4e",
      "name": "FUN_10008b4e"
    },
    {
      "address": "10008b59",
      "name": "___acrt_uninitialize_locale"
    },
    {
      "address": "10008b80",
      "name": "FUN_10008b80"
    },
    {
      "address": "10008bfd",
      "name": "FUN_10008bfd"
    },
    {
      "address": "10008d45",
      "name": "___acrt_locale_add_lc_time_reference"
    },
    {
      "address": "10008d6e",
      "name": "___acrt_locale_free_lc_time_if_unreferenced"
    },
    {
      "address": "10008d9f",
      "name": "___acrt_locale_release_lc_time_reference"
    },
    {
      "address": "10008dc8",
      "name": "FUN_10008dc8"
    },
    {
      "address": "10008e49",
      "name": "FUN_10008e49"
    },
    {
      "address": "10008ea9",
      "name": "FUN_10008ea9"
    },
    {
      "address": "10008eb2",
      "name": "FUN_10008eb2"
    },
    {
      "address": "10008eca",
      "name": "__updatetlocinfoEx_nolock"
    },
    {
      "address": "10008f20",
      "name": "FUN_10008f20"
    },
    {
      "address": "10008f30",
      "name": "__set_new_mode"
    },
    {
      "address": "10008f60",
      "name": "FUN_10008f60"
    },
    {
      "address": "100093a0",
      "name": "FUN_100093a0"
    },
    {
      "address": "100094a0",
      "name": "_strpbrk"
    },
    {
      "address": "100094e0",
      "name": "__mbsdec"
    },
    {
      "address": "100094f7",
      "name": "__mbsdec_l"
    },
    {
      "address": "10009584",
      "name": "FUN_10009584"
    },
    {
      "address": "10009682",
      "name": "FUN_10009682"
    },
    {
      "address": "100096a2",
      "name": "FUN_100096a2"
    },
    {
      "address": "1000988f",
      "name": "___acrt_LCMapStringA"
    },
    {
      "address": "100098f0",
      "name": "__msize_base"
    },
    {
      "address": "10009930",
      "name": "FUN_10009930"
    },
    {
      "address": "10009940",
      "name": "__realloc_base"
    },
    {
      "address": "100099a9",
      "name": "FUN_100099a9"
    },
    {
      "address": "100099fd",
      "name": "___acrt_DownlevelLocaleNameToLCID"
    },
    {
      "address": "10009a29",
      "name": "___acrt_lowio_create_handle_array"
    },
    {
      "address": "10009aa4",
      "name": "___acrt_lowio_destroy_handle_array"
    },
    {
      "address": "10009ad9",
      "name": "___acrt_lowio_ensure_fh_exists"
    },
    {
      "address": "10009b6e",
      "name": "FUN_10009b6e"
    },
    {
      "address": "10009b77",
      "name": "FUN_10009b77"
    },
    {
      "address": "10009b9a",
      "name": "___acrt_lowio_unlock_fh"
    },
    {
      "address": "10009bbd",
      "name": "FUN_10009bbd"
    },
    {
      "address": "10009c4e",
      "name": "FUN_10009c4e"
    },
    {
      "address": "10009cb8",
      "name": "FUN_10009cb8"
    },
    {
      "address": "10009d4e",
      "name": "FUN_10009d4e"
    },
    {
      "address": "10009d5a",
      "name": "__commit"
    },
    {
      "address": "10009dd7",
      "name": "FUN_10009dd7"
    },
    {
      "address": "1000a1a2",
      "name": "write_double_translated_unicode_nolock"
    },
    {
      "address": "1000a20a",
      "name": "FUN_1000a20a"
    },
    {
      "address": "1000a287",
      "name": "write_text_ansi_nolock"
    },
    {
      "address": "1000a362",
      "name": "write_text_utf16le_nolock"
    },
    {
      "address": "1000a44b",
      "name": "write_text_utf8_nolock"
    },
    {
      "address": "1000a57d",
      "name": "FUN_1000a57d"
    },
    {
      "address": "1000a686",
      "name": "FUN_1000a686"
    },
    {
      "address": "1000a68e",
      "name": "FUN_1000a68e"
    },
    {
      "address": "1000a8aa",
      "name": "__fcloseall"
    },
    {
      "address": "1000a94c",
      "name": "FUN_1000a94c"
    },
    {
      "address": "1000a955",
      "name": "___acrt_stdio_free_buffer_nolock"
    },
    {
      "address": "1000a995",
      "name": "FUN_1000a995"
    },
    {
      "address": "1000a9f0",
      "name": "FUN_1000a9f0"
    },
    {
      "address": "1000a9ff",
      "name": "FUN_1000a9ff"
    },
    {
      "address": "1000aa13",
      "name": "FUN_1000aa13"
    },
    {
      "address": "1000aa35",
      "name": "FID_conflict:___acrt_locale_free_monetary"
    },
    {
      "address": "1000ab33",
      "name": "FID_conflict:___free_lconv_num"
    },
    {
      "address": "1000ab9c",
      "name": "FUN_1000ab9c"
    },
    {
      "address": "1000abc1",
      "name": "___acrt_locale_free_time"
    },
    {
      "address": "1000acb0",
      "name": "FUN_1000acb0"
    },
    {
      "address": "1000acd0",
      "name": "FUN_1000acd0"
    },
    {
      "address": "1000ad37",
      "name": "FUN_1000ad37"
    },
    {
      "address": "1000ad3d",
      "name": "FUN_1000ad3d"
    },
    {
      "address": "1000adc0",
      "name": "FUN_1000adc0"
    },
    {
      "address": "1000adde",
      "name": "__putwch_nolock"
    },
    {
      "address": "1000ae10",
      "name": "FUN_1000ae10"
    },
    {
      "address": "1000ae9f",
      "name": "FUN_1000ae9f"
    },
    {
      "address": "1000aea7",
      "name": "FUN_1000aea7"
    },
    {
      "address": "1000af35",
      "name": "FUN_1000af35"
    },
    {
      "address": "1000af80",
      "name": "FUN_1000af80"
    },
    {
      "address": "1000b370",
      "name": "FUN_1000b370"
    },
    {
      "address": "1000b3a0",
      "name": "FUN_1000b3a0"
    },
    {
      "address": "1000b580",
      "name": "___ascii_strnicmp"
    },
    {
      "address": "1000b5e1",
      "name": "__dcrt_lowio_initialize_console_output"
    },
    {
      "address": "1000b600",
      "name": "___dcrt_lowio_ensure_console_output_initialized"
    },
    {
      "address": "1000b61f",
      "name": "FID_conflict:___dcrt_terminate_console_output"
    },
    {
      "address": "1000b636",
      "name": "___dcrt_write_console"
    },
    {
      "address": "1000b68b",
      "name": "FUN_1000b68b"
    },
    {
      "address": "1000b710",
      "name": "FUN_1000b710"
    },
    {
      "address": "1000b71c",
      "name": "FUN_1000b71c"
    },
    {
      "address": "1000b7bf",
      "name": "FUN_1000b7bf"
    },
    {
      "address": "1000b85f",
      "name": "__acrt_stdio_free_stream"
    },
    {
      "address": "1000b8a0",
      "name": "FUN_1000b8a0"
    },
    {
      "address": "1000bb8f",
      "name": "FUN_1000bb8f"
    },
    {
      "address": "1000bc60",
      "name": "FUN_1000bc60"
    },
    {
      "address": "1000bd60",
      "name": "FUN_1000bd60"
    },
    {
      "address": "1000bd80",
      "name": "FUN_1000bd80"
    },
    {
      "address": "1000bdb0",
      "name": "FUN_1000bdb0"
    },
    {
      "address": "1000be10",
      "name": "FUN_1000be10"
    },
    {
      "address": "1000be40",
      "name": "FUN_1000be40"
    },
    {
      "address": "1000be5e",
      "name": "FUN_1000be5e"
    },
    {
      "address": "1000c56c",
      "name": "FUN_1000c56c"
    },
    {
      "address": "1000c585",
      "name": "__fload_withFB"
    },
    {
      "address": "1000c5eb",
      "name": "__math_exit"
    },
    {
      "address": "1000c6d0",
      "name": "FUN_1000c6d0"
    },
    {
      "address": "1000c6e7",
      "name": "__startOneArgErrorHandling"
    },
    {
      "address": "1000c730",
      "name": "FUN_1000c730"
    },
    {
      "address": "1000c750",
      "name": "FUN_1000c750"
    },
    {
      "address": "1000c890",
      "name": "FUN_1000c890"
    },
    {
      "address": "1000cbc0",
      "name": "FUN_1000cbc0"
    },
    {
      "address": "1000cbf0",
      "name": "FUN_1000cbf0"
    },
    {
      "address": "1000cf20",
      "name": "FUN_1000cf20"
    },
    {
      "address": "1000cf60",
      "name": "FUN_1000cf60"
    },
    {
      "address": "1000d060",
      "name": "FUN_1000d060"
    },
    {
      "address": "1000d170",
      "name": "FUN_1000d170"
    },
    {
      "address": "1000d1f0",
      "name": "FUN_1000d1f0"
    },
    {
      "address": "1000d3f0",
      "name": "FUN_1000d3f0"
    },
    {
      "address": "1000d530",
      "name": "FUN_1000d530"
    },
    {
      "address": "1000d600",
      "name": "__FindPESection"
    },
    {
      "address": "1000d650",
      "name": "__IsNonwritableInCurrentImage"
    },
    {
      "address": "1000d710",
      "name": "FUN_1000d710"
    },
    {
      "address": "1000d741",
      "name": "FUN_1000d741"
    },
    {
      "address": "1000d764",
      "name": "__EH_epilog3"
    },
    {
      "address": "1000d778",
      "name": "__EH_prolog3"
    },
    {
      "address": "1000d7ab",
      "name": "__EH_prolog3_catch"
    },
    {
      "address": "1000d7f0",
      "name": "FUN_1000d7f0"
    },
    {
      "address": "1000d800",
      "name": "__alloca_probe_16"
    },
    {
      "address": "1000d816",
      "name": "__alloca_probe_8"
    },
    {
      "address": "1000d830",
      "name": "__alloca_probe"
    },
    {
      "address": "1000d860",
      "name": "__allshl"
    },
    {
      "address": "1000d880",
      "name": "thunk_FUN_10005f40"
    },
    {
      "address": "1000d890",
      "name": "FUN_1000d890"
    }
  ]
}