{
  "canonical_types": [
    {
      "path": "/int",
      "size": 4
    }
  ],
  "demangler_stubs": [],
  "match_count": 1,
  "matches": [
    {
      "path": "/int",
      "size": 4
    }
  ],
  "message": "No /Demangler 1-byte stub to resolve.",
  "situation": "no_stub_to_resolve",
  "type_name": "int"
}