{
  "count": 5,
  "limit": 5,
  "matches": [
    "IMAGE_LOAD_CONFIG_CODE_INTEGRITY | Size: 12 | Path: /PE/IMAGE_LOAD_CONFIG_CODE_INTEGRITY",
    "LARGE_INTEGER * | Size: 4 | Path: /winnt.h/LARGE_INTEGER *",
    "LARGE_INTEGER | Size: 8 | Path: /winnt.h/LARGE_INTEGER",
    "PLARGE_INTEGER | Size: 4 | Path: /winnt.h/PLARGE_INTEGER",
    "UINT | Size: 4 | Path: /WinDef.h/UINT"
  ],
  "offset": 0,
  "total": 25
}